{
    "events": [
        {
            "@timestamp": "2017-05-30T18:53:42.281Z",
            "context": {
                "process": {
                    "argv": [
                        "./apm-server"
                    ],
                    "pid": 32472,
                    "ppid": 26110
                },
                "service": {
                    "agent": {
                        "name": "elastic-go",
                        "version": "0.1.0"
                    },
                    "environment": "staging",
                    "language": {
                        "name": "go",
                        "version": "go1.10.1"
                    },
                    "name": "apm-server",
                    "runtime": {
                        "name": "gc",
                        "version": "go1.10.1"
                    },
                    "version": "6.x"
                },
                "tags": {
                    "url": "/foo"
                }
            },
            "host": {
                "architecture": "amd64",
                "ip": "127.0.0.1",
                "platform": "darwin"
            },
            "http": {
                "requests": 1
            },
            "processor": {
                "event": "metric",
                "name": "metric"
            }
        },
        {
            "@timestamp": "2017-05-30T18:53:42.281Z",
            "context": {
                "process": {
                    "argv": [
                        "./apm-server"
                    ],
                    "pid": 32472,
                    "ppid": 26110
                },
                "service": {
                    "agent": {
                        "name": "elastic-go",
                        "version": "0.1.0"
                    },
                    "environment": "staging",
                    "language": {
                        "name": "go",
                        "version": "go1.10.1"
                    },
                    "name": "apm-server",
                    "runtime": {
                        "name": "gc",
                        "version": "go1.10.1"
                    },
                    "version": "6.x"
                },
                "tags": {
                    "url": "/bar"
                }
            },
            "host": {
                "architecture": "amd64",
                "ip": "127.0.0.1",
                "platform": "darwin"
            },
            "http": {
                "requests": 6
            },
            "processor": {
                "event": "metric",
                "name": "metric"
            }
        },
        {
            "@timestamp": "2017-05-30T18:53:52.281Z",
            "context": {
                "process": {
                    "argv": [
                        "./apm-server"
                    ],
                    "pid": 32472,
                    "ppid": 26110
                },
                "service": {
                    "agent": {
                        "name": "elastic-go",
                        "version": "0.1.0"
                    },
                    "environment": "staging",
                    "language": {
                        "name": "go",
                        "version": "go1.10.1"
                    },
                    "name": "apm-server",
                    "runtime": {
                        "name": "gc",
                        "version": "go1.10.1"
                    },
                    "version": "6.x"
                },
                "tags": {
                    "url": "/foo"
                }
            },
            "host": {
                "architecture": "amd64",
                "ip": "127.0.0.1",
                "platform": "darwin"
            },
            "http": {
                "requests": 2
            },
            "processor": {
                "event": "metric",
                "name": "metric"
            }
        },
        {
            "@timestamp": "2017-05-30T18:53:52.281Z",
            "context": {
                "process": {
                    "argv": [
                        "./apm-server"
                    ],
                    "pid": 32472,
                    "ppid": 26110
                },
                "service": {
                    "agent": {
                        "name": "elastic-go",
                        "version": "0.1.0"
                    },
                    "environment": "staging",
                    "language": {
                        "name": "go",
                        "version": "go1.10.1"
                    },
                    "name": "apm-server",
                    "runtime": {
                        "name": "gc",
                        "version": "go1.10.1"
                    },
                    "version": "6.x"
                }
            },
            "host": {
                "architecture": "amd64",
                "ip": "127.0.0.1",
                "platform": "darwin"
            },
            "http": {
                "requests": 10
            },
            "processor": {
                "event": "metric",
                "name": "metric"
            }
        }
    ]
}
