{
    "events": [
        {
            "@timestamp": "2017-05-09T15:04:05.999999Z",
            "context": {
                "service": {
                    "agent": {
                        "name": "python",
                        "version": "1.0"
                    },
                    "language": {
                        "name": "javascript"
                    },
                    "name": "service1"
                },
                "user": {
                    "username": "just me"
                }
            },
            "error": {
                "grouping_key": "d41d8cd98f00b204e9800998ecf8427e",
                "log": {
                    "message": ""
                }
            },
            "host": {
                "architecture": "x64",
                "hostname": "prod1.example.com",
                "ip": "127.0.0.1",
                "name": "prod1.example.com",
                "platform": "darwin"
            },
            "processor": {
                "event": "error",
                "name": "error"
            }
        }
    ]
}
